---
source: tests/completions_snapshot.rs
expression: output
---
_vpnd() {
    local i cur prev opts cmd
    COMPREPLY=()
    if [[ "${BASH_VERSINFO[0]}" -ge 4 ]]; then
        cur="$2"
    else
        cur="${COMP_WORDS[COMP_CWORD]}"
    fi
    prev="$3"
    cmd=""
    opts=""

    for i in "${COMP_WORDS[@]:0:COMP_CWORD}"
    do
        case "${cmd},${i}" in
            ",$1")
                cmd="vpnd"
                ;;
            vpnd,ai-docs)
                cmd="vpnd__subcmd__ai__subcmd__docs"
                ;;
            vpnd,completions)
                cmd="vpnd__subcmd__completions"
                ;;
            vpnd,deploy)
                cmd="vpnd__subcmd__deploy"
                ;;
            vpnd,doctor)
                cmd="vpnd__subcmd__doctor"
                ;;
            vpnd,fleet)
                cmd="vpnd__subcmd__fleet"
                ;;
            vpnd,help)
                cmd="vpnd__subcmd__help"
                ;;
            vpnd,host)
                cmd="vpnd__subcmd__host"
                ;;
            vpnd,preflight)
                cmd="vpnd__subcmd__preflight"
                ;;
            vpnd,probe)
                cmd="vpnd__subcmd__probe"
                ;;
            vpnd,reconverge)
                cmd="vpnd__subcmd__reconverge"
                ;;
            vpnd,share)
                cmd="vpnd__subcmd__share"
                ;;
            vpnd,update)
                cmd="vpnd__subcmd__update"
                ;;
            vpnd__subcmd__fleet,drift)
                cmd="vpnd__subcmd__fleet__subcmd__drift"
                ;;
            vpnd__subcmd__fleet,help)
                cmd="vpnd__subcmd__fleet__subcmd__help"
                ;;
            vpnd__subcmd__fleet,rotate)
                cmd="vpnd__subcmd__fleet__subcmd__rotate"
                ;;
            vpnd__subcmd__fleet,status)
                cmd="vpnd__subcmd__fleet__subcmd__status"
                ;;
            vpnd__subcmd__fleet__subcmd__help,drift)
                cmd="vpnd__subcmd__fleet__subcmd__help__subcmd__drift"
                ;;
            vpnd__subcmd__fleet__subcmd__help,help)
                cmd="vpnd__subcmd__fleet__subcmd__help__subcmd__help"
                ;;
            vpnd__subcmd__fleet__subcmd__help,rotate)
                cmd="vpnd__subcmd__fleet__subcmd__help__subcmd__rotate"
                ;;
            vpnd__subcmd__fleet__subcmd__help,status)
                cmd="vpnd__subcmd__fleet__subcmd__help__subcmd__status"
                ;;
            vpnd__subcmd__help,ai-docs)
                cmd="vpnd__subcmd__help__subcmd__ai__subcmd__docs"
                ;;
            vpnd__subcmd__help,completions)
                cmd="vpnd__subcmd__help__subcmd__completions"
                ;;
            vpnd__subcmd__help,deploy)
                cmd="vpnd__subcmd__help__subcmd__deploy"
                ;;
            vpnd__subcmd__help,doctor)
                cmd="vpnd__subcmd__help__subcmd__doctor"
                ;;
            vpnd__subcmd__help,fleet)
                cmd="vpnd__subcmd__help__subcmd__fleet"
                ;;
            vpnd__subcmd__help,help)
                cmd="vpnd__subcmd__help__subcmd__help"
                ;;
            vpnd__subcmd__help,host)
                cmd="vpnd__subcmd__help__subcmd__host"
                ;;
            vpnd__subcmd__help,preflight)
                cmd="vpnd__subcmd__help__subcmd__preflight"
                ;;
            vpnd__subcmd__help,probe)
                cmd="vpnd__subcmd__help__subcmd__probe"
                ;;
            vpnd__subcmd__help,reconverge)
                cmd="vpnd__subcmd__help__subcmd__reconverge"
                ;;
            vpnd__subcmd__help,share)
                cmd="vpnd__subcmd__help__subcmd__share"
                ;;
            vpnd__subcmd__help,update)
                cmd="vpnd__subcmd__help__subcmd__update"
                ;;
            vpnd__subcmd__help__subcmd__fleet,drift)
                cmd="vpnd__subcmd__help__subcmd__fleet__subcmd__drift"
                ;;
            vpnd__subcmd__help__subcmd__fleet,rotate)
                cmd="vpnd__subcmd__help__subcmd__fleet__subcmd__rotate"
                ;;
            vpnd__subcmd__help__subcmd__fleet,status)
                cmd="vpnd__subcmd__help__subcmd__fleet__subcmd__status"
                ;;
            vpnd__subcmd__help__subcmd__host,add)
                cmd="vpnd__subcmd__help__subcmd__host__subcmd__add"
                ;;
            vpnd__subcmd__help__subcmd__host,list)
                cmd="vpnd__subcmd__help__subcmd__host__subcmd__list"
                ;;
            vpnd__subcmd__help__subcmd__host,remove)
                cmd="vpnd__subcmd__help__subcmd__host__subcmd__remove"
                ;;
            vpnd__subcmd__help__subcmd__host,show)
                cmd="vpnd__subcmd__help__subcmd__host__subcmd__show"
                ;;
            vpnd__subcmd__host,add)
                cmd="vpnd__subcmd__host__subcmd__add"
                ;;
            vpnd__subcmd__host,help)
                cmd="vpnd__subcmd__host__subcmd__help"
                ;;
            vpnd__subcmd__host,list)
                cmd="vpnd__subcmd__host__subcmd__list"
                ;;
            vpnd__subcmd__host,remove)
                cmd="vpnd__subcmd__host__subcmd__remove"
                ;;
            vpnd__subcmd__host,show)
                cmd="vpnd__subcmd__host__subcmd__show"
                ;;
            vpnd__subcmd__host__subcmd__help,add)
                cmd="vpnd__subcmd__host__subcmd__help__subcmd__add"
                ;;
            vpnd__subcmd__host__subcmd__help,help)
                cmd="vpnd__subcmd__host__subcmd__help__subcmd__help"
                ;;
            vpnd__subcmd__host__subcmd__help,list)
                cmd="vpnd__subcmd__host__subcmd__help__subcmd__list"
                ;;
            vpnd__subcmd__host__subcmd__help,remove)
                cmd="vpnd__subcmd__host__subcmd__help__subcmd__remove"
                ;;
            vpnd__subcmd__host__subcmd__help,show)
                cmd="vpnd__subcmd__host__subcmd__help__subcmd__show"
                ;;
            *)
                ;;
        esac
    done

    case "${cmd}" in
        vpnd)
            opts="-e -p -y -h -V --explain --env --provider --yes --json --root --help --version deploy reconverge share doctor probe preflight fleet host ai-docs update completions help"
            if [[ ${cur} == -* || ${COMP_CWORD} -eq 1 ]] ; then
                COMPREPLY=( $(compgen -W "${opts}" -- "${cur}") )
                return 0
            fi
            case "${prev}" in
                --env)
                    COMPREPLY=($(compgen -f "${cur}"))
                    return 0
                    ;;
                -e)
                    COMPREPLY=($(compgen -f "${cur}"))
                    return 0
                    ;;
                --provider)
                    COMPREPLY=($(compgen -f "${cur}"))
                    return 0
                    ;;
                -p)
                    COMPREPLY=($(compgen -f "${cur}"))
                    return 0
                    ;;
                --root)
                    COMPREPLY=($(compgen -f "${cur}"))
                    return 0
                    ;;
                *)
                    COMPREPLY=()
                    ;;
            esac
            COMPREPLY=( $(compgen -W "${opts}" -- "${cur}") )
            return 0
            ;;
        vpnd__subcmd__ai__subcmd__docs)
            opts="-e -p -y -h --out --explain --env --provider --yes --json --root --help"
            if [[ ${cur} == -* || ${COMP_CWORD} -eq 2 ]] ; then
                COMPREPLY=( $(compgen -W "${opts}" -- "${cur}") )
                return 0
            fi
            case "${prev}" in
                --out)
                    COMPREPLY=($(compgen -f "${cur}"))
                    return 0
                    ;;
                --env)
                    COMPREPLY=($(compgen -f "${cur}"))
                    return 0
                    ;;
                -e)
                    COMPREPLY=($(compgen -f "${cur}"))
                    return 0
                    ;;
                --provider)
                    COMPREPLY=($(compgen -f "${cur}"))
                    return 0
                    ;;
                -p)
                    COMPREPLY=($(compgen -f "${cur}"))
                    return 0
                    ;;
                --root)
                    COMPREPLY=($(compgen -f "${cur}"))
                    return 0
                    ;;
                *)
                    COMPREPLY=()
                    ;;
            esac
            COMPREPLY=( $(compgen -W "${opts}" -- "${cur}") )
            return 0
            ;;
        vpnd__subcmd__completions)
            opts="-e -p -y -h --explain --env --provider --yes --json --root --help <SHELL>"
            if [[ ${cur} == -* || ${COMP_CWORD} -eq 2 ]] ; then
                COMPREPLY=( $(compgen -W "${opts}" -- "${cur}") )
                return 0
            fi
            case "${prev}" in
                --env)
                    COMPREPLY=($(compgen -f "${cur}"))
                    return 0
                    ;;
                -e)
                    COMPREPLY=($(compgen -f "${cur}"))
                    return 0
                    ;;
                --provider)
                    COMPREPLY=($(compgen -f "${cur}"))
                    return 0
                    ;;
                -p)
                    COMPREPLY=($(compgen -f "${cur}"))
                    return 0
                    ;;
                --root)
                    COMPREPLY=($(compgen -f "${cur}"))
                    return 0
                    ;;
                *)
                    COMPREPLY=()
                    ;;
            esac
            COMPREPLY=( $(compgen -W "${opts}" -- "${cur}") )
            return 0
            ;;
        vpnd__subcmd__deploy)
            opts="-e -p -y -h --skip-precheck --tag-on-success --explain --env --provider --yes --json --root --help"
            if [[ ${cur} == -* || ${COMP_CWORD} -eq 2 ]] ; then
                COMPREPLY=( $(compgen -W "${opts}" -- "${cur}") )
                return 0
            fi
            case "${prev}" in
                --env)
                    COMPREPLY=($(compgen -f "${cur}"))
                    return 0
                    ;;
                -e)
                    COMPREPLY=($(compgen -f "${cur}"))
                    return 0
                    ;;
                --provider)
                    COMPREPLY=($(compgen -f "${cur}"))
                    return 0
                    ;;
                -p)
                    COMPREPLY=($(compgen -f "${cur}"))
                    return 0
                    ;;
                --root)
                    COMPREPLY=($(compgen -f "${cur}"))
                    return 0
                    ;;
                *)
                    COMPREPLY=()
                    ;;
            esac
            COMPREPLY=( $(compgen -W "${opts}" -- "${cur}") )
            return 0
            ;;
        vpnd__subcmd__doctor)
            opts="-e -p -y -h --host --ai --clip --bundle --explain --env --provider --yes --json --root --help"
            if [[ ${cur} == -* || ${COMP_CWORD} -eq 2 ]] ; then
                COMPREPLY=( $(compgen -W "${opts}" -- "${cur}") )
                return 0
            fi
            case "${prev}" in
                --host)
                    COMPREPLY=($(compgen -f "${cur}"))
                    return 0
                    ;;
                --bundle)
                    COMPREPLY=($(compgen -f "${cur}"))
                    return 0
                    ;;
                --env)
                    COMPREPLY=($(compgen -f "${cur}"))
                    return 0
                    ;;
                -e)
                    COMPREPLY=($(compgen -f "${cur}"))
                    return 0
                    ;;
                --provider)
                    COMPREPLY=($(compgen -f "${cur}"))
                    return 0
                    ;;
                -p)
                    COMPREPLY=($(compgen -f "${cur}"))
                    return 0
                    ;;
                --root)
                    COMPREPLY=($(compgen -f "${cur}"))
                    return 0
                    ;;
                *)
                    COMPREPLY=()
                    ;;
            esac
            COMPREPLY=( $(compgen -W "${opts}" -- "${cur}") )
            return 0
            ;;
        vpnd__subcmd__fleet)
            opts="-e -p -y -h --explain --env --provider --yes --json --root --help status rotate drift help"
            if [[ ${cur} == -* || ${COMP_CWORD} -eq 2 ]] ; then
                COMPREPLY=( $(compgen -W "${opts}" -- "${cur}") )
                return 0
            fi
            case "${prev}" in
                --env)
                    COMPREPLY=($(compgen -f "${cur}"))
                    return 0
                    ;;
                -e)
                    COMPREPLY=($(compgen -f "${cur}"))
                    return 0
                    ;;
                --provider)
                    COMPREPLY=($(compgen -f "${cur}"))
                    return 0
                    ;;
                -p)
                    COMPREPLY=($(compgen -f "${cur}"))
                    return 0
                    ;;
                --root)
                    COMPREPLY=($(compgen -f "${cur}"))
                    return 0
                    ;;
                *)
                    COMPREPLY=()
                    ;;
            esac
            COMPREPLY=( $(compgen -W "${opts}" -- "${cur}") )
            return 0
            ;;
        vpnd__subcmd__fleet__subcmd__drift)
            opts="-e -p -y -h --explain --env --provider --yes --json --root --help"
            if [[ ${cur} == -* || ${COMP_CWORD} -eq 3 ]] ; then
                COMPREPLY=( $(compgen -W "${opts}" -- "${cur}") )
                return 0
            fi
            case "${prev}" in
                --env)
                    COMPREPLY=($(compgen -f "${cur}"))
                    return 0
                    ;;
                -e)
                    COMPREPLY=($(compgen -f "${cur}"))
                    return 0
                    ;;
                --provider)
                    COMPREPLY=($(compgen -f "${cur}"))
                    return 0
                    ;;
                -p)
                    COMPREPLY=($(compgen -f "${cur}"))
                    return 0
                    ;;
                --root)
                    COMPREPLY=($(compgen -f "${cur}"))
                    return 0
                    ;;
                *)
                    COMPREPLY=()
                    ;;
            esac
            COMPREPLY=( $(compgen -W "${opts}" -- "${cur}") )
            return 0
            ;;
        vpnd__subcmd__fleet__subcmd__help)
            opts="status rotate drift help"
            if [[ ${cur} == -* || ${COMP_CWORD} -eq 3 ]] ; then
                COMPREPLY=( $(compgen -W "${opts}" -- "${cur}") )
                return 0
            fi
            case "${prev}" in
                *)
                    COMPREPLY=()
                    ;;
            esac
            COMPREPLY=( $(compgen -W "${opts}" -- "${cur}") )
            return 0
            ;;
        vpnd__subcmd__fleet__subcmd__help__subcmd__drift)
            opts=""
            if [[ ${cur} == -* || ${COMP_CWORD} -eq 4 ]] ; then
                COMPREPLY=( $(compgen -W "${opts}" -- "${cur}") )
                return 0
            fi
            case "${prev}" in
                *)
                    COMPREPLY=()
                    ;;
            esac
            COMPREPLY=( $(compgen -W "${opts}" -- "${cur}") )
            return 0
            ;;
        vpnd__subcmd__fleet__subcmd__help__subcmd__help)
            opts=""
            if [[ ${cur} == -* || ${COMP_CWORD} -eq 4 ]] ; then
                COMPREPLY=( $(compgen -W "${opts}" -- "${cur}") )
                return 0
            fi
            case "${prev}" in
                *)
                    COMPREPLY=()
                    ;;
            esac
            COMPREPLY=( $(compgen -W "${opts}" -- "${cur}") )
            return 0
            ;;
        vpnd__subcmd__fleet__subcmd__help__subcmd__rotate)
            opts=""
            if [[ ${cur} == -* || ${COMP_CWORD} -eq 4 ]] ; then
                COMPREPLY=( $(compgen -W "${opts}" -- "${cur}") )
                return 0
            fi
            case "${prev}" in
                *)
                    COMPREPLY=()
                    ;;
            esac
            COMPREPLY=( $(compgen -W "${opts}" -- "${cur}") )
            return 0
            ;;
        vpnd__subcmd__fleet__subcmd__help__subcmd__status)
            opts=""
            if [[ ${cur} == -* || ${COMP_CWORD} -eq 4 ]] ; then
                COMPREPLY=( $(compgen -W "${opts}" -- "${cur}") )
                return 0
            fi
            case "${prev}" in
                *)
                    COMPREPLY=()
                    ;;
            esac
            COMPREPLY=( $(compgen -W "${opts}" -- "${cur}") )
            return 0
            ;;
        vpnd__subcmd__fleet__subcmd__rotate)
            opts="-e -p -y -h --plan --resume --dry-run --explain --env --provider --yes --json --root --help"
            if [[ ${cur} == -* || ${COMP_CWORD} -eq 3 ]] ; then
                COMPREPLY=( $(compgen -W "${opts}" -- "${cur}") )
                return 0
            fi
            case "${prev}" in
                --plan)
                    COMPREPLY=($(compgen -f "${cur}"))
                    return 0
                    ;;
                --env)
                    COMPREPLY=($(compgen -f "${cur}"))
                    return 0
                    ;;
                -e)
                    COMPREPLY=($(compgen -f "${cur}"))
                    return 0
                    ;;
                --provider)
                    COMPREPLY=($(compgen -f "${cur}"))
                    return 0
                    ;;
                -p)
                    COMPREPLY=($(compgen -f "${cur}"))
                    return 0
                    ;;
                --root)
                    COMPREPLY=($(compgen -f "${cur}"))
                    return 0
                    ;;
                *)
                    COMPREPLY=()
                    ;;
            esac
            COMPREPLY=( $(compgen -W "${opts}" -- "${cur}") )
            return 0
            ;;
        vpnd__subcmd__fleet__subcmd__status)
            opts="-e -p -y -h --explain --env --provider --yes --json --root --help"
            if [[ ${cur} == -* || ${COMP_CWORD} -eq 3 ]] ; then
                COMPREPLY=( $(compgen -W "${opts}" -- "${cur}") )
                return 0
            fi
            case "${prev}" in
                --env)
                    COMPREPLY=($(compgen -f "${cur}"))
                    return 0
                    ;;
                -e)
                    COMPREPLY=($(compgen -f "${cur}"))
                    return 0
                    ;;
                --provider)
                    COMPREPLY=($(compgen -f "${cur}"))
                    return 0
                    ;;
                -p)
                    COMPREPLY=($(compgen -f "${cur}"))
                    return 0
                    ;;
                --root)
                    COMPREPLY=($(compgen -f "${cur}"))
                    return 0
                    ;;
                *)
                    COMPREPLY=()
                    ;;
            esac
            COMPREPLY=( $(compgen -W "${opts}" -- "${cur}") )
            return 0
            ;;
        vpnd__subcmd__help)
            opts="deploy reconverge share doctor probe preflight fleet host ai-docs update completions help"
            if [[ ${cur} == -* || ${COMP_CWORD} -eq 2 ]] ; then
                COMPREPLY=( $(compgen -W "${opts}" -- "${cur}") )
                return 0
            fi
            case "${prev}" in
                *)
                    COMPREPLY=()
                    ;;
            esac
            COMPREPLY=( $(compgen -W "${opts}" -- "${cur}") )
            return 0
            ;;
        vpnd__subcmd__help__subcmd__ai__subcmd__docs)
            opts=""
            if [[ ${cur} == -* || ${COMP_CWORD} -eq 3 ]] ; then
                COMPREPLY=( $(compgen -W "${opts}" -- "${cur}") )
                return 0
            fi
            case "${prev}" in
                *)
                    COMPREPLY=()
                    ;;
            esac
            COMPREPLY=( $(compgen -W "${opts}" -- "${cur}") )
            return 0
            ;;
        vpnd__subcmd__help__subcmd__completions)
            opts=""
            if [[ ${cur} == -* || ${COMP_CWORD} -eq 3 ]] ; then
                COMPREPLY=( $(compgen -W "${opts}" -- "${cur}") )
                return 0
            fi
            case "${prev}" in
                *)
                    COMPREPLY=()
                    ;;
            esac
            COMPREPLY=( $(compgen -W "${opts}" -- "${cur}") )
            return 0
            ;;
        vpnd__subcmd__help__subcmd__deploy)
            opts=""
            if [[ ${cur} == -* || ${COMP_CWORD} -eq 3 ]] ; then
                COMPREPLY=( $(compgen -W "${opts}" -- "${cur}") )
                return 0
            fi
            case "${prev}" in
                *)
                    COMPREPLY=()
                    ;;
            esac
            COMPREPLY=( $(compgen -W "${opts}" -- "${cur}") )
            return 0
            ;;
        vpnd__subcmd__help__subcmd__doctor)
            opts=""
            if [[ ${cur} == -* || ${COMP_CWORD} -eq 3 ]] ; then
                COMPREPLY=( $(compgen -W "${opts}" -- "${cur}") )
                return 0
            fi
            case "${prev}" in
                *)
                    COMPREPLY=()
                    ;;
            esac
            COMPREPLY=( $(compgen -W "${opts}" -- "${cur}") )
            return 0
            ;;
        vpnd__subcmd__help__subcmd__fleet)
            opts="status rotate drift"
            if [[ ${cur} == -* || ${COMP_CWORD} -eq 3 ]] ; then
                COMPREPLY=( $(compgen -W "${opts}" -- "${cur}") )
                return 0
            fi
            case "${prev}" in
                *)
                    COMPREPLY=()
                    ;;
            esac
            COMPREPLY=( $(compgen -W "${opts}" -- "${cur}") )
            return 0
            ;;
        vpnd__subcmd__help__subcmd__fleet__subcmd__drift)
            opts=""
            if [[ ${cur} == -* || ${COMP_CWORD} -eq 4 ]] ; then
                COMPREPLY=( $(compgen -W "${opts}" -- "${cur}") )
                return 0
            fi
            case "${prev}" in
                *)
                    COMPREPLY=()
                    ;;
            esac
            COMPREPLY=( $(compgen -W "${opts}" -- "${cur}") )
            return 0
            ;;
        vpnd__subcmd__help__subcmd__fleet__subcmd__rotate)
            opts=""
            if [[ ${cur} == -* || ${COMP_CWORD} -eq 4 ]] ; then
                COMPREPLY=( $(compgen -W "${opts}" -- "${cur}") )
                return 0
            fi
            case "${prev}" in
                *)
                    COMPREPLY=()
                    ;;
            esac
            COMPREPLY=( $(compgen -W "${opts}" -- "${cur}") )
            return 0
            ;;
        vpnd__subcmd__help__subcmd__fleet__subcmd__status)
            opts=""
            if [[ ${cur} == -* || ${COMP_CWORD} -eq 4 ]] ; then
                COMPREPLY=( $(compgen -W "${opts}" -- "${cur}") )
                return 0
            fi
            case "${prev}" in
                *)
                    COMPREPLY=()
                    ;;
            esac
            COMPREPLY=( $(compgen -W "${opts}" -- "${cur}") )
            return 0
            ;;
        vpnd__subcmd__help__subcmd__help)
            opts=""
            if [[ ${cur} == -* || ${COMP_CWORD} -eq 3 ]] ; then
                COMPREPLY=( $(compgen -W "${opts}" -- "${cur}") )
                return 0
            fi
            case "${prev}" in
                *)
                    COMPREPLY=()
                    ;;
            esac
            COMPREPLY=( $(compgen -W "${opts}" -- "${cur}") )
            return 0
            ;;
        vpnd__subcmd__help__subcmd__host)
            opts="list show add remove"
            if [[ ${cur} == -* || ${COMP_CWORD} -eq 3 ]] ; then
                COMPREPLY=( $(compgen -W "${opts}" -- "${cur}") )
                return 0
            fi
            case "${prev}" in
                *)
                    COMPREPLY=()
                    ;;
            esac
            COMPREPLY=( $(compgen -W "${opts}" -- "${cur}") )
            return 0
            ;;
        vpnd__subcmd__help__subcmd__host__subcmd__add)
            opts=""
            if [[ ${cur} == -* || ${COMP_CWORD} -eq 4 ]] ; then
                COMPREPLY=( $(compgen -W "${opts}" -- "${cur}") )
                return 0
            fi
            case "${prev}" in
                *)
                    COMPREPLY=()
                    ;;
            esac
            COMPREPLY=( $(compgen -W "${opts}" -- "${cur}") )
            return 0
            ;;
        vpnd__subcmd__help__subcmd__host__subcmd__list)
            opts=""
            if [[ ${cur} == -* || ${COMP_CWORD} -eq 4 ]] ; then
                COMPREPLY=( $(compgen -W "${opts}" -- "${cur}") )
                return 0
            fi
            case "${prev}" in
                *)
                    COMPREPLY=()
                    ;;
            esac
            COMPREPLY=( $(compgen -W "${opts}" -- "${cur}") )
            return 0
            ;;
        vpnd__subcmd__help__subcmd__host__subcmd__remove)
            opts=""
            if [[ ${cur} == -* || ${COMP_CWORD} -eq 4 ]] ; then
                COMPREPLY=( $(compgen -W "${opts}" -- "${cur}") )
                return 0
            fi
            case "${prev}" in
                *)
                    COMPREPLY=()
                    ;;
            esac
            COMPREPLY=( $(compgen -W "${opts}" -- "${cur}") )
            return 0
            ;;
        vpnd__subcmd__help__subcmd__host__subcmd__show)
            opts=""
            if [[ ${cur} == -* || ${COMP_CWORD} -eq 4 ]] ; then
                COMPREPLY=( $(compgen -W "${opts}" -- "${cur}") )
                return 0
            fi
            case "${prev}" in
                *)
                    COMPREPLY=()
                    ;;
            esac
            COMPREPLY=( $(compgen -W "${opts}" -- "${cur}") )
            return 0
            ;;
        vpnd__subcmd__help__subcmd__preflight)
            opts=""
            if [[ ${cur} == -* || ${COMP_CWORD} -eq 3 ]] ; then
                COMPREPLY=( $(compgen -W "${opts}" -- "${cur}") )
                return 0
            fi
            case "${prev}" in
                *)
                    COMPREPLY=()
                    ;;
            esac
            COMPREPLY=( $(compgen -W "${opts}" -- "${cur}") )
            return 0
            ;;
        vpnd__subcmd__help__subcmd__probe)
            opts=""
            if [[ ${cur} == -* || ${COMP_CWORD} -eq 3 ]] ; then
                COMPREPLY=( $(compgen -W "${opts}" -- "${cur}") )
                return 0
            fi
            case "${prev}" in
                *)
                    COMPREPLY=()
                    ;;
            esac
            COMPREPLY=( $(compgen -W "${opts}" -- "${cur}") )
            return 0
            ;;
        vpnd__subcmd__help__subcmd__reconverge)
            opts=""
            if [[ ${cur} == -* || ${COMP_CWORD} -eq 3 ]] ; then
                COMPREPLY=( $(compgen -W "${opts}" -- "${cur}") )
                return 0
            fi
            case "${prev}" in
                *)
                    COMPREPLY=()
                    ;;
            esac
            COMPREPLY=( $(compgen -W "${opts}" -- "${cur}") )
            return 0
            ;;
        vpnd__subcmd__help__subcmd__share)
            opts=""
            if [[ ${cur} == -* || ${COMP_CWORD} -eq 3 ]] ; then
                COMPREPLY=( $(compgen -W "${opts}" -- "${cur}") )
                return 0
            fi
            case "${prev}" in
                *)
                    COMPREPLY=()
                    ;;
            esac
            COMPREPLY=( $(compgen -W "${opts}" -- "${cur}") )
            return 0
            ;;
        vpnd__subcmd__help__subcmd__update)
            opts=""
            if [[ ${cur} == -* || ${COMP_CWORD} -eq 3 ]] ; then
                COMPREPLY=( $(compgen -W "${opts}" -- "${cur}") )
                return 0
            fi
            case "${prev}" in
                *)
                    COMPREPLY=()
                    ;;
            esac
            COMPREPLY=( $(compgen -W "${opts}" -- "${cur}") )
            return 0
            ;;
        vpnd__subcmd__host)
            opts="-e -p -y -h --explain --env --provider --yes --json --root --help list show add remove help"
            if [[ ${cur} == -* || ${COMP_CWORD} -eq 2 ]] ; then
                COMPREPLY=( $(compgen -W "${opts}" -- "${cur}") )
                return 0
            fi
            case "${prev}" in
                --env)
                    COMPREPLY=($(compgen -f "${cur}"))
                    return 0
                    ;;
                -e)
                    COMPREPLY=($(compgen -f "${cur}"))
                    return 0
                    ;;
                --provider)
                    COMPREPLY=($(compgen -f "${cur}"))
                    return 0
                    ;;
                -p)
                    COMPREPLY=($(compgen -f "${cur}"))
                    return 0
                    ;;
                --root)
                    COMPREPLY=($(compgen -f "${cur}"))
                    return 0
                    ;;
                *)
                    COMPREPLY=()
                    ;;
            esac
            COMPREPLY=( $(compgen -W "${opts}" -- "${cur}") )
            return 0
            ;;
        vpnd__subcmd__host__subcmd__add)
            opts="-y -h --env --provider --ipv4 --ipv6 --explain --yes --json --root --help <NAME>"
            if [[ ${cur} == -* || ${COMP_CWORD} -eq 3 ]] ; then
                COMPREPLY=( $(compgen -W "${opts}" -- "${cur}") )
                return 0
            fi
            case "${prev}" in
                --env)
                    COMPREPLY=($(compgen -f "${cur}"))
                    return 0
                    ;;
                --provider)
                    COMPREPLY=($(compgen -f "${cur}"))
                    return 0
                    ;;
                --ipv4)
                    COMPREPLY=($(compgen -f "${cur}"))
                    return 0
                    ;;
                --ipv6)
                    COMPREPLY=($(compgen -f "${cur}"))
                    return 0
                    ;;
                --root)
                    COMPREPLY=($(compgen -f "${cur}"))
                    return 0
                    ;;
                *)
                    COMPREPLY=()
                    ;;
            esac
            COMPREPLY=( $(compgen -W "${opts}" -- "${cur}") )
            return 0
            ;;
        vpnd__subcmd__host__subcmd__help)
            opts="list show add remove help"
            if [[ ${cur} == -* || ${COMP_CWORD} -eq 3 ]] ; then
                COMPREPLY=( $(compgen -W "${opts}" -- "${cur}") )
                return 0
            fi
            case "${prev}" in
                *)
                    COMPREPLY=()
                    ;;
            esac
            COMPREPLY=( $(compgen -W "${opts}" -- "${cur}") )
            return 0
            ;;
        vpnd__subcmd__host__subcmd__help__subcmd__add)
            opts=""
            if [[ ${cur} == -* || ${COMP_CWORD} -eq 4 ]] ; then
                COMPREPLY=( $(compgen -W "${opts}" -- "${cur}") )
                return 0
            fi
            case "${prev}" in
                *)
                    COMPREPLY=()
                    ;;
            esac
            COMPREPLY=( $(compgen -W "${opts}" -- "${cur}") )
            return 0
            ;;
        vpnd__subcmd__host__subcmd__help__subcmd__help)
            opts=""
            if [[ ${cur} == -* || ${COMP_CWORD} -eq 4 ]] ; then
                COMPREPLY=( $(compgen -W "${opts}" -- "${cur}") )
                return 0
            fi
            case "${prev}" in
                *)
                    COMPREPLY=()
                    ;;
            esac
            COMPREPLY=( $(compgen -W "${opts}" -- "${cur}") )
            return 0
            ;;
        vpnd__subcmd__host__subcmd__help__subcmd__list)
            opts=""
            if [[ ${cur} == -* || ${COMP_CWORD} -eq 4 ]] ; then
                COMPREPLY=( $(compgen -W "${opts}" -- "${cur}") )
                return 0
            fi
            case "${prev}" in
                *)
                    COMPREPLY=()
                    ;;
            esac
            COMPREPLY=( $(compgen -W "${opts}" -- "${cur}") )
            return 0
            ;;
        vpnd__subcmd__host__subcmd__help__subcmd__remove)
            opts=""
            if [[ ${cur} == -* || ${COMP_CWORD} -eq 4 ]] ; then
                COMPREPLY=( $(compgen -W "${opts}" -- "${cur}") )
                return 0
            fi
            case "${prev}" in
                *)
                    COMPREPLY=()
                    ;;
            esac
            COMPREPLY=( $(compgen -W "${opts}" -- "${cur}") )
            return 0
            ;;
        vpnd__subcmd__host__subcmd__help__subcmd__show)
            opts=""
            if [[ ${cur} == -* || ${COMP_CWORD} -eq 4 ]] ; then
                COMPREPLY=( $(compgen -W "${opts}" -- "${cur}") )
                return 0
            fi
            case "${prev}" in
                *)
                    COMPREPLY=()
                    ;;
            esac
            COMPREPLY=( $(compgen -W "${opts}" -- "${cur}") )
            return 0
            ;;
        vpnd__subcmd__host__subcmd__list)
            opts="-e -p -y -h --explain --env --provider --yes --json --root --help"
            if [[ ${cur} == -* || ${COMP_CWORD} -eq 3 ]] ; then
                COMPREPLY=( $(compgen -W "${opts}" -- "${cur}") )
                return 0
            fi
            case "${prev}" in
                --env)
                    COMPREPLY=($(compgen -f "${cur}"))
                    return 0
                    ;;
                -e)
                    COMPREPLY=($(compgen -f "${cur}"))
                    return 0
                    ;;
                --provider)
                    COMPREPLY=($(compgen -f "${cur}"))
                    return 0
                    ;;
                -p)
                    COMPREPLY=($(compgen -f "${cur}"))
                    return 0
                    ;;
                --root)
                    COMPREPLY=($(compgen -f "${cur}"))
                    return 0
                    ;;
                *)
                    COMPREPLY=()
                    ;;
            esac
            COMPREPLY=( $(compgen -W "${opts}" -- "${cur}") )
            return 0
            ;;
        vpnd__subcmd__host__subcmd__remove)
            opts="-e -p -y -h --explain --env --provider --yes --json --root --help <NAME>"
            if [[ ${cur} == -* || ${COMP_CWORD} -eq 3 ]] ; then
                COMPREPLY=( $(compgen -W "${opts}" -- "${cur}") )
                return 0
            fi
            case "${prev}" in
                --env)
                    COMPREPLY=($(compgen -f "${cur}"))
                    return 0
                    ;;
                -e)
                    COMPREPLY=($(compgen -f "${cur}"))
                    return 0
                    ;;
                --provider)
                    COMPREPLY=($(compgen -f "${cur}"))
                    return 0
                    ;;
                -p)
                    COMPREPLY=($(compgen -f "${cur}"))
                    return 0
                    ;;
                --root)
                    COMPREPLY=($(compgen -f "${cur}"))
                    return 0
                    ;;
                *)
                    COMPREPLY=()
                    ;;
            esac
            COMPREPLY=( $(compgen -W "${opts}" -- "${cur}") )
            return 0
            ;;
        vpnd__subcmd__host__subcmd__show)
            opts="-e -p -y -h --explain --env --provider --yes --json --root --help <NAME>"
            if [[ ${cur} == -* || ${COMP_CWORD} -eq 3 ]] ; then
                COMPREPLY=( $(compgen -W "${opts}" -- "${cur}") )
                return 0
            fi
            case "${prev}" in
                --env)
                    COMPREPLY=($(compgen -f "${cur}"))
                    return 0
                    ;;
                -e)
                    COMPREPLY=($(compgen -f "${cur}"))
                    return 0
                    ;;
                --provider)
                    COMPREPLY=($(compgen -f "${cur}"))
                    return 0
                    ;;
                -p)
                    COMPREPLY=($(compgen -f "${cur}"))
                    return 0
                    ;;
                --root)
                    COMPREPLY=($(compgen -f "${cur}"))
                    return 0
                    ;;
                *)
                    COMPREPLY=()
                    ;;
            esac
            COMPREPLY=( $(compgen -W "${opts}" -- "${cur}") )
            return 0
            ;;
        vpnd__subcmd__preflight)
            opts="-e -p -y -h --skip-certs --explain --env --provider --yes --json --root --help"
            if [[ ${cur} == -* || ${COMP_CWORD} -eq 2 ]] ; then
                COMPREPLY=( $(compgen -W "${opts}" -- "${cur}") )
                return 0
            fi
            case "${prev}" in
                --env)
                    COMPREPLY=($(compgen -f "${cur}"))
                    return 0
                    ;;
                -e)
                    COMPREPLY=($(compgen -f "${cur}"))
                    return 0
                    ;;
                --provider)
                    COMPREPLY=($(compgen -f "${cur}"))
                    return 0
                    ;;
                -p)
                    COMPREPLY=($(compgen -f "${cur}"))
                    return 0
                    ;;
                --root)
                    COMPREPLY=($(compgen -f "${cur}"))
                    return 0
                    ;;
                *)
                    COMPREPLY=()
                    ;;
            esac
            COMPREPLY=( $(compgen -W "${opts}" -- "${cur}") )
            return 0
            ;;
        vpnd__subcmd__probe)
            opts="-e -p -y -h --host --profile --explain --env --provider --yes --json --root --help"
            if [[ ${cur} == -* || ${COMP_CWORD} -eq 2 ]] ; then
                COMPREPLY=( $(compgen -W "${opts}" -- "${cur}") )
                return 0
            fi
            case "${prev}" in
                --host)
                    COMPREPLY=($(compgen -f "${cur}"))
                    return 0
                    ;;
                --profile)
                    COMPREPLY=($(compgen -W "p0 p1 p2 all" -- "${cur}"))
                    return 0
                    ;;
                --env)
                    COMPREPLY=($(compgen -f "${cur}"))
                    return 0
                    ;;
                -e)
                    COMPREPLY=($(compgen -f "${cur}"))
                    return 0
                    ;;
                --provider)
                    COMPREPLY=($(compgen -f "${cur}"))
                    return 0
                    ;;
                -p)
                    COMPREPLY=($(compgen -f "${cur}"))
                    return 0
                    ;;
                --root)
                    COMPREPLY=($(compgen -f "${cur}"))
                    return 0
                    ;;
                *)
                    COMPREPLY=()
                    ;;
            esac
            COMPREPLY=( $(compgen -W "${opts}" -- "${cur}") )
            return 0
            ;;
        vpnd__subcmd__reconverge)
            opts="-e -p -y -h --host --dry-run --explain --env --provider --yes --json --root --help"
            if [[ ${cur} == -* || ${COMP_CWORD} -eq 2 ]] ; then
                COMPREPLY=( $(compgen -W "${opts}" -- "${cur}") )
                return 0
            fi
            case "${prev}" in
                --host)
                    COMPREPLY=($(compgen -f "${cur}"))
                    return 0
                    ;;
                --env)
                    COMPREPLY=($(compgen -f "${cur}"))
                    return 0
                    ;;
                -e)
                    COMPREPLY=($(compgen -f "${cur}"))
                    return 0
                    ;;
                --provider)
                    COMPREPLY=($(compgen -f "${cur}"))
                    return 0
                    ;;
                -p)
                    COMPREPLY=($(compgen -f "${cur}"))
                    return 0
                    ;;
                --root)
                    COMPREPLY=($(compgen -f "${cur}"))
                    return 0
                    ;;
                *)
                    COMPREPLY=()
                    ;;
            esac
            COMPREPLY=( $(compgen -W "${opts}" -- "${cur}") )
            return 0
            ;;
        vpnd__subcmd__share)
            opts="-e -p -y -h --qr --type --out --explain --env --provider --yes --json --root --help <CLIENT>"
            if [[ ${cur} == -* || ${COMP_CWORD} -eq 2 ]] ; then
                COMPREPLY=( $(compgen -W "${opts}" -- "${cur}") )
                return 0
            fi
            case "${prev}" in
                --type)
                    COMPREPLY=($(compgen -W "singbox uri" -- "${cur}"))
                    return 0
                    ;;
                --out)
                    COMPREPLY=($(compgen -f "${cur}"))
                    return 0
                    ;;
                --env)
                    COMPREPLY=($(compgen -f "${cur}"))
                    return 0
                    ;;
                -e)
                    COMPREPLY=($(compgen -f "${cur}"))
                    return 0
                    ;;
                --provider)
                    COMPREPLY=($(compgen -f "${cur}"))
                    return 0
                    ;;
                -p)
                    COMPREPLY=($(compgen -f "${cur}"))
                    return 0
                    ;;
                --root)
                    COMPREPLY=($(compgen -f "${cur}"))
                    return 0
                    ;;
                *)
                    COMPREPLY=()
                    ;;
            esac
            COMPREPLY=( $(compgen -W "${opts}" -- "${cur}") )
            return 0
            ;;
        vpnd__subcmd__update)
            opts="-e -p -y -h --explain --env --provider --yes --json --root --help"
            if [[ ${cur} == -* || ${COMP_CWORD} -eq 2 ]] ; then
                COMPREPLY=( $(compgen -W "${opts}" -- "${cur}") )
                return 0
            fi
            case "${prev}" in
                --env)
                    COMPREPLY=($(compgen -f "${cur}"))
                    return 0
                    ;;
                -e)
                    COMPREPLY=($(compgen -f "${cur}"))
                    return 0
                    ;;
                --provider)
                    COMPREPLY=($(compgen -f "${cur}"))
                    return 0
                    ;;
                -p)
                    COMPREPLY=($(compgen -f "${cur}"))
                    return 0
                    ;;
                --root)
                    COMPREPLY=($(compgen -f "${cur}"))
                    return 0
                    ;;
                *)
                    COMPREPLY=()
                    ;;
            esac
            COMPREPLY=( $(compgen -W "${opts}" -- "${cur}") )
            return 0
            ;;
    esac
}

if [[ "${BASH_VERSINFO[0]}" -eq 4 && "${BASH_VERSINFO[1]}" -ge 4 || "${BASH_VERSINFO[0]}" -gt 4 ]]; then
    complete -F _vpnd -o nosort -o bashdefault -o default vpnd
else
    complete -F _vpnd -o bashdefault -o default vpnd
fi
