---
source: tests/completions_snapshot.rs
expression: output
---
# Print an optspec for argparse to handle cmd's options that are independent of any subcommand.
function __fish_vpnd_global_optspecs
	string join \n explain e/env= p/provider= y/yes json root= h/help V/version
end

function __fish_vpnd_needs_command
	# Figure out if the current invocation already has a command.
	set -l cmd (commandline -opc)
	set -e cmd[1]
	argparse -s (__fish_vpnd_global_optspecs) -- $cmd 2>/dev/null
	or return
	if set -q argv[1]
		# Also print the command, so this can be used to figure out what it is.
		echo $argv[1]
		return 1
	end
	return 0
end

function __fish_vpnd_using_subcommand
	set -l cmd (__fish_vpnd_needs_command)
	test -z "$cmd"
	and return 1
	contains -- $cmd[1] $argv
end

complete -c vpnd -n "__fish_vpnd_needs_command" -s e -l env -d 'Target environment' -r
complete -c vpnd -n "__fish_vpnd_needs_command" -s p -l provider -d 'Cloud provider Terraform root' -r
complete -c vpnd -n "__fish_vpnd_needs_command" -l root -d 'Override the vpn-deploy repo root (default: discover from cwd)' -r -F
complete -c vpnd -n "__fish_vpnd_needs_command" -l explain -d 'Print the underlying shell invocations and exit without running them'
complete -c vpnd -n "__fish_vpnd_needs_command" -s y -l yes -d 'Skip interactive confirmation prompts'
complete -c vpnd -n "__fish_vpnd_needs_command" -l json -d 'Emit machine-readable JSON instead of human output (where supported)'
complete -c vpnd -n "__fish_vpnd_needs_command" -s h -l help -d 'Print help'
complete -c vpnd -n "__fish_vpnd_needs_command" -s V -l version -d 'Print version'
complete -c vpnd -n "__fish_vpnd_needs_command" -f -a "deploy" -d 'Interactive deploy wizard'
complete -c vpnd -n "__fish_vpnd_needs_command" -f -a "reconverge" -d 'Idempotent re-deploy against existing host(s)'
complete -c vpnd -n "__fish_vpnd_needs_command" -f -a "share" -d 'Bundled recipient handoff (URL + QR + sing-box + app cards)'
complete -c vpnd -n "__fish_vpnd_needs_command" -f -a "doctor" -d 'Diagnostic bundle'
complete -c vpnd -n "__fish_vpnd_needs_command" -f -a "probe" -d 'Profile-aware probing'
complete -c vpnd -n "__fish_vpnd_needs_command" -f -a "preflight" -d 'Pre-deploy guards (spot-check, certs, perms, render, schema)'
complete -c vpnd -n "__fish_vpnd_needs_command" -f -a "fleet" -d 'Fleet-wide operations'
complete -c vpnd -n "__fish_vpnd_needs_command" -f -a "host" -d 'Local host registry'
complete -c vpnd -n "__fish_vpnd_needs_command" -f -a "ai-docs" -d 'Machine-readable docs endpoints for AI assistants'
complete -c vpnd -n "__fish_vpnd_needs_command" -f -a "update" -d 'Check for a newer vpnd release on GitHub (cached 24 h)'
complete -c vpnd -n "__fish_vpnd_needs_command" -f -a "completions" -d 'Emit shell completions to stdout'
complete -c vpnd -n "__fish_vpnd_needs_command" -f -a "help" -d 'Print this message or the help of the given subcommand(s)'
complete -c vpnd -n "__fish_vpnd_using_subcommand deploy" -s e -l env -d 'Target environment' -r
complete -c vpnd -n "__fish_vpnd_using_subcommand deploy" -s p -l provider -d 'Cloud provider Terraform root' -r
complete -c vpnd -n "__fish_vpnd_using_subcommand deploy" -l root -d 'Override the vpn-deploy repo root (default: discover from cwd)' -r -F
complete -c vpnd -n "__fish_vpnd_using_subcommand deploy" -l skip-precheck -d 'Skip running pre-deploy guards (mirrors `SKIP_PRECHECK=1`)'
complete -c vpnd -n "__fish_vpnd_using_subcommand deploy" -l tag-on-success -d 'Tag a known-good commit after a successful verify run'
complete -c vpnd -n "__fish_vpnd_using_subcommand deploy" -l explain -d 'Print the underlying shell invocations and exit without running them'
complete -c vpnd -n "__fish_vpnd_using_subcommand deploy" -s y -l yes -d 'Skip interactive confirmation prompts'
complete -c vpnd -n "__fish_vpnd_using_subcommand deploy" -l json -d 'Emit machine-readable JSON instead of human output (where supported)'
complete -c vpnd -n "__fish_vpnd_using_subcommand deploy" -s h -l help -d 'Print help'
complete -c vpnd -n "__fish_vpnd_using_subcommand reconverge" -l host -d 'Limit to a single host from the registry' -r
complete -c vpnd -n "__fish_vpnd_using_subcommand reconverge" -s e -l env -d 'Target environment' -r
complete -c vpnd -n "__fish_vpnd_using_subcommand reconverge" -s p -l provider -d 'Cloud provider Terraform root' -r
complete -c vpnd -n "__fish_vpnd_using_subcommand reconverge" -l root -d 'Override the vpn-deploy repo root (default: discover from cwd)' -r -F
complete -c vpnd -n "__fish_vpnd_using_subcommand reconverge" -l dry-run -d 'Stop after dry-run; do not apply'
complete -c vpnd -n "__fish_vpnd_using_subcommand reconverge" -l explain -d 'Print the underlying shell invocations and exit without running them'
complete -c vpnd -n "__fish_vpnd_using_subcommand reconverge" -s y -l yes -d 'Skip interactive confirmation prompts'
complete -c vpnd -n "__fish_vpnd_using_subcommand reconverge" -l json -d 'Emit machine-readable JSON instead of human output (where supported)'
complete -c vpnd -n "__fish_vpnd_using_subcommand reconverge" -s h -l help -d 'Print help'
complete -c vpnd -n "__fish_vpnd_using_subcommand share" -l type -d 'QR payload type' -r -f -a "singbox\t''
uri\t''"
complete -c vpnd -n "__fish_vpnd_using_subcommand share" -l out -d 'Output directory for generated artifacts (default: ./share/<client>/)' -r -F
complete -c vpnd -n "__fish_vpnd_using_subcommand share" -s e -l env -d 'Target environment' -r
complete -c vpnd -n "__fish_vpnd_using_subcommand share" -s p -l provider -d 'Cloud provider Terraform root' -r
complete -c vpnd -n "__fish_vpnd_using_subcommand share" -l root -d 'Override the vpn-deploy repo root (default: discover from cwd)' -r -F
complete -c vpnd -n "__fish_vpnd_using_subcommand share" -l qr -d 'Also emit a QR code image'
complete -c vpnd -n "__fish_vpnd_using_subcommand share" -l explain -d 'Print the underlying shell invocations and exit without running them'
complete -c vpnd -n "__fish_vpnd_using_subcommand share" -s y -l yes -d 'Skip interactive confirmation prompts'
complete -c vpnd -n "__fish_vpnd_using_subcommand share" -l json -d 'Emit machine-readable JSON instead of human output (where supported)'
complete -c vpnd -n "__fish_vpnd_using_subcommand share" -s h -l help -d 'Print help'
complete -c vpnd -n "__fish_vpnd_using_subcommand doctor" -l host -d 'Host alias from the registry; omitted = active env\'s primary host' -r
complete -c vpnd -n "__fish_vpnd_using_subcommand doctor" -l bundle -d 'Pack a diagnostic gzip-tar bundle at this path (orthogonal to --ai)' -r -F
complete -c vpnd -n "__fish_vpnd_using_subcommand doctor" -s e -l env -d 'Target environment' -r
complete -c vpnd -n "__fish_vpnd_using_subcommand doctor" -s p -l provider -d 'Cloud provider Terraform root' -r
complete -c vpnd -n "__fish_vpnd_using_subcommand doctor" -l root -d 'Override the vpn-deploy repo root (default: discover from cwd)' -r -F
complete -c vpnd -n "__fish_vpnd_using_subcommand doctor" -l ai -d 'Format output as a clipboard-ready prompt for an AI assistant'
complete -c vpnd -n "__fish_vpnd_using_subcommand doctor" -l clip -d 'Copy AI prompt to the system clipboard (requires --ai)'
complete -c vpnd -n "__fish_vpnd_using_subcommand doctor" -l explain -d 'Print the underlying shell invocations and exit without running them'
complete -c vpnd -n "__fish_vpnd_using_subcommand doctor" -s y -l yes -d 'Skip interactive confirmation prompts'
complete -c vpnd -n "__fish_vpnd_using_subcommand doctor" -l json -d 'Emit machine-readable JSON instead of human output (where supported)'
complete -c vpnd -n "__fish_vpnd_using_subcommand doctor" -s h -l help -d 'Print help'
complete -c vpnd -n "__fish_vpnd_using_subcommand probe" -l host -d 'Host alias from the registry; omitted = active env\'s primary host' -r
complete -c vpnd -n "__fish_vpnd_using_subcommand probe" -l profile -d 'Which profile to probe' -r -f -a "p0\t''
p1\t''
p2\t''
all\t''"
complete -c vpnd -n "__fish_vpnd_using_subcommand probe" -s e -l env -d 'Target environment' -r
complete -c vpnd -n "__fish_vpnd_using_subcommand probe" -s p -l provider -d 'Cloud provider Terraform root' -r
complete -c vpnd -n "__fish_vpnd_using_subcommand probe" -l root -d 'Override the vpn-deploy repo root (default: discover from cwd)' -r -F
complete -c vpnd -n "__fish_vpnd_using_subcommand probe" -l explain -d 'Print the underlying shell invocations and exit without running them'
complete -c vpnd -n "__fish_vpnd_using_subcommand probe" -s y -l yes -d 'Skip interactive confirmation prompts'
complete -c vpnd -n "__fish_vpnd_using_subcommand probe" -l json -d 'Emit machine-readable JSON instead of human output (where supported)'
complete -c vpnd -n "__fish_vpnd_using_subcommand probe" -s h -l help -d 'Print help'
complete -c vpnd -n "__fish_vpnd_using_subcommand preflight" -s e -l env -d 'Target environment' -r
complete -c vpnd -n "__fish_vpnd_using_subcommand preflight" -s p -l provider -d 'Cloud provider Terraform root' -r
complete -c vpnd -n "__fish_vpnd_using_subcommand preflight" -l root -d 'Override the vpn-deploy repo root (default: discover from cwd)' -r -F
complete -c vpnd -n "__fish_vpnd_using_subcommand preflight" -l skip-certs -d 'Skip the certificate-validity check (faster smoke)'
complete -c vpnd -n "__fish_vpnd_using_subcommand preflight" -l explain -d 'Print the underlying shell invocations and exit without running them'
complete -c vpnd -n "__fish_vpnd_using_subcommand preflight" -s y -l yes -d 'Skip interactive confirmation prompts'
complete -c vpnd -n "__fish_vpnd_using_subcommand preflight" -l json -d 'Emit machine-readable JSON instead of human output (where supported)'
complete -c vpnd -n "__fish_vpnd_using_subcommand preflight" -s h -l help -d 'Print help'
complete -c vpnd -n "__fish_vpnd_using_subcommand fleet; and not __fish_seen_subcommand_from status rotate drift help" -s e -l env -d 'Target environment' -r
complete -c vpnd -n "__fish_vpnd_using_subcommand fleet; and not __fish_seen_subcommand_from status rotate drift help" -s p -l provider -d 'Cloud provider Terraform root' -r
complete -c vpnd -n "__fish_vpnd_using_subcommand fleet; and not __fish_seen_subcommand_from status rotate drift help" -l root -d 'Override the vpn-deploy repo root (default: discover from cwd)' -r -F
complete -c vpnd -n "__fish_vpnd_using_subcommand fleet; and not __fish_seen_subcommand_from status rotate drift help" -l explain -d 'Print the underlying shell invocations and exit without running them'
complete -c vpnd -n "__fish_vpnd_using_subcommand fleet; and not __fish_seen_subcommand_from status rotate drift help" -s y -l yes -d 'Skip interactive confirmation prompts'
complete -c vpnd -n "__fish_vpnd_using_subcommand fleet; and not __fish_seen_subcommand_from status rotate drift help" -l json -d 'Emit machine-readable JSON instead of human output (where supported)'
complete -c vpnd -n "__fish_vpnd_using_subcommand fleet; and not __fish_seen_subcommand_from status rotate drift help" -s h -l help -d 'Print help'
complete -c vpnd -n "__fish_vpnd_using_subcommand fleet; and not __fish_seen_subcommand_from status rotate drift help" -f -a "status" -d 'Summary table across every host:env pair'
complete -c vpnd -n "__fish_vpnd_using_subcommand fleet; and not __fish_seen_subcommand_from status rotate drift help" -f -a "rotate" -d 'Coordinated rotation across the fleet (`scripts/fleet-rotate.sh`)'
complete -c vpnd -n "__fish_vpnd_using_subcommand fleet; and not __fish_seen_subcommand_from status rotate drift help" -f -a "drift" -d 'Diff fleet state against the last known-good tag'
complete -c vpnd -n "__fish_vpnd_using_subcommand fleet; and not __fish_seen_subcommand_from status rotate drift help" -f -a "help" -d 'Print this message or the help of the given subcommand(s)'
complete -c vpnd -n "__fish_vpnd_using_subcommand fleet; and __fish_seen_subcommand_from status" -s e -l env -d 'Target environment' -r
complete -c vpnd -n "__fish_vpnd_using_subcommand fleet; and __fish_seen_subcommand_from status" -s p -l provider -d 'Cloud provider Terraform root' -r
complete -c vpnd -n "__fish_vpnd_using_subcommand fleet; and __fish_seen_subcommand_from status" -l root -d 'Override the vpn-deploy repo root (default: discover from cwd)' -r -F
complete -c vpnd -n "__fish_vpnd_using_subcommand fleet; and __fish_seen_subcommand_from status" -l explain -d 'Print the underlying shell invocations and exit without running them'
complete -c vpnd -n "__fish_vpnd_using_subcommand fleet; and __fish_seen_subcommand_from status" -s y -l yes -d 'Skip interactive confirmation prompts'
complete -c vpnd -n "__fish_vpnd_using_subcommand fleet; and __fish_seen_subcommand_from status" -l json -d 'Emit machine-readable JSON instead of human output (where supported)'
complete -c vpnd -n "__fish_vpnd_using_subcommand fleet; and __fish_seen_subcommand_from status" -s h -l help -d 'Print help'
complete -c vpnd -n "__fish_vpnd_using_subcommand fleet; and __fish_seen_subcommand_from rotate" -l plan -d 'Path to the fleet plan YAML' -r -F
complete -c vpnd -n "__fish_vpnd_using_subcommand fleet; and __fish_seen_subcommand_from rotate" -s e -l env -d 'Target environment' -r
complete -c vpnd -n "__fish_vpnd_using_subcommand fleet; and __fish_seen_subcommand_from rotate" -s p -l provider -d 'Cloud provider Terraform root' -r
complete -c vpnd -n "__fish_vpnd_using_subcommand fleet; and __fish_seen_subcommand_from rotate" -l root -d 'Override the vpn-deploy repo root (default: discover from cwd)' -r -F
complete -c vpnd -n "__fish_vpnd_using_subcommand fleet; and __fish_seen_subcommand_from rotate" -l resume -d 'Resume a partially-completed rotation'
complete -c vpnd -n "__fish_vpnd_using_subcommand fleet; and __fish_seen_subcommand_from rotate" -l dry-run -d 'Show what would happen without making changes'
complete -c vpnd -n "__fish_vpnd_using_subcommand fleet; and __fish_seen_subcommand_from rotate" -l explain -d 'Print the underlying shell invocations and exit without running them'
complete -c vpnd -n "__fish_vpnd_using_subcommand fleet; and __fish_seen_subcommand_from rotate" -s y -l yes -d 'Skip interactive confirmation prompts'
complete -c vpnd -n "__fish_vpnd_using_subcommand fleet; and __fish_seen_subcommand_from rotate" -l json -d 'Emit machine-readable JSON instead of human output (where supported)'
complete -c vpnd -n "__fish_vpnd_using_subcommand fleet; and __fish_seen_subcommand_from rotate" -s h -l help -d 'Print help'
complete -c vpnd -n "__fish_vpnd_using_subcommand fleet; and __fish_seen_subcommand_from drift" -s e -l env -d 'Target environment' -r
complete -c vpnd -n "__fish_vpnd_using_subcommand fleet; and __fish_seen_subcommand_from drift" -s p -l provider -d 'Cloud provider Terraform root' -r
complete -c vpnd -n "__fish_vpnd_using_subcommand fleet; and __fish_seen_subcommand_from drift" -l root -d 'Override the vpn-deploy repo root (default: discover from cwd)' -r -F
complete -c vpnd -n "__fish_vpnd_using_subcommand fleet; and __fish_seen_subcommand_from drift" -l explain -d 'Print the underlying shell invocations and exit without running them'
complete -c vpnd -n "__fish_vpnd_using_subcommand fleet; and __fish_seen_subcommand_from drift" -s y -l yes -d 'Skip interactive confirmation prompts'
complete -c vpnd -n "__fish_vpnd_using_subcommand fleet; and __fish_seen_subcommand_from drift" -l json -d 'Emit machine-readable JSON instead of human output (where supported)'
complete -c vpnd -n "__fish_vpnd_using_subcommand fleet; and __fish_seen_subcommand_from drift" -s h -l help -d 'Print help'
complete -c vpnd -n "__fish_vpnd_using_subcommand fleet; and __fish_seen_subcommand_from help" -f -a "status" -d 'Summary table across every host:env pair'
complete -c vpnd -n "__fish_vpnd_using_subcommand fleet; and __fish_seen_subcommand_from help" -f -a "rotate" -d 'Coordinated rotation across the fleet (`scripts/fleet-rotate.sh`)'
complete -c vpnd -n "__fish_vpnd_using_subcommand fleet; and __fish_seen_subcommand_from help" -f -a "drift" -d 'Diff fleet state against the last known-good tag'
complete -c vpnd -n "__fish_vpnd_using_subcommand fleet; and __fish_seen_subcommand_from help" -f -a "help" -d 'Print this message or the help of the given subcommand(s)'
complete -c vpnd -n "__fish_vpnd_using_subcommand host; and not __fish_seen_subcommand_from list show add remove help" -s e -l env -d 'Target environment' -r
complete -c vpnd -n "__fish_vpnd_using_subcommand host; and not __fish_seen_subcommand_from list show add remove help" -s p -l provider -d 'Cloud provider Terraform root' -r
complete -c vpnd -n "__fish_vpnd_using_subcommand host; and not __fish_seen_subcommand_from list show add remove help" -l root -d 'Override the vpn-deploy repo root (default: discover from cwd)' -r -F
complete -c vpnd -n "__fish_vpnd_using_subcommand host; and not __fish_seen_subcommand_from list show add remove help" -l explain -d 'Print the underlying shell invocations and exit without running them'
complete -c vpnd -n "__fish_vpnd_using_subcommand host; and not __fish_seen_subcommand_from list show add remove help" -s y -l yes -d 'Skip interactive confirmation prompts'
complete -c vpnd -n "__fish_vpnd_using_subcommand host; and not __fish_seen_subcommand_from list show add remove help" -l json -d 'Emit machine-readable JSON instead of human output (where supported)'
complete -c vpnd -n "__fish_vpnd_using_subcommand host; and not __fish_seen_subcommand_from list show add remove help" -s h -l help -d 'Print help'
complete -c vpnd -n "__fish_vpnd_using_subcommand host; and not __fish_seen_subcommand_from list show add remove help" -f -a "list" -d 'List registered hosts'
complete -c vpnd -n "__fish_vpnd_using_subcommand host; and not __fish_seen_subcommand_from list show add remove help" -f -a "show" -d 'Show one host record'
complete -c vpnd -n "__fish_vpnd_using_subcommand host; and not __fish_seen_subcommand_from list show add remove help" -f -a "add" -d 'Add a host record'
complete -c vpnd -n "__fish_vpnd_using_subcommand host; and not __fish_seen_subcommand_from list show add remove help" -f -a "remove" -d 'Remove a host record'
complete -c vpnd -n "__fish_vpnd_using_subcommand host; and not __fish_seen_subcommand_from list show add remove help" -f -a "help" -d 'Print this message or the help of the given subcommand(s)'
complete -c vpnd -n "__fish_vpnd_using_subcommand host; and __fish_seen_subcommand_from list" -s e -l env -d 'Target environment' -r
complete -c vpnd -n "__fish_vpnd_using_subcommand host; and __fish_seen_subcommand_from list" -s p -l provider -d 'Cloud provider Terraform root' -r
complete -c vpnd -n "__fish_vpnd_using_subcommand host; and __fish_seen_subcommand_from list" -l root -d 'Override the vpn-deploy repo root (default: discover from cwd)' -r -F
complete -c vpnd -n "__fish_vpnd_using_subcommand host; and __fish_seen_subcommand_from list" -l explain -d 'Print the underlying shell invocations and exit without running them'
complete -c vpnd -n "__fish_vpnd_using_subcommand host; and __fish_seen_subcommand_from list" -s y -l yes -d 'Skip interactive confirmation prompts'
complete -c vpnd -n "__fish_vpnd_using_subcommand host; and __fish_seen_subcommand_from list" -l json -d 'Emit machine-readable JSON instead of human output (where supported)'
complete -c vpnd -n "__fish_vpnd_using_subcommand host; and __fish_seen_subcommand_from list" -s h -l help -d 'Print help'
complete -c vpnd -n "__fish_vpnd_using_subcommand host; and __fish_seen_subcommand_from show" -s e -l env -d 'Target environment' -r
complete -c vpnd -n "__fish_vpnd_using_subcommand host; and __fish_seen_subcommand_from show" -s p -l provider -d 'Cloud provider Terraform root' -r
complete -c vpnd -n "__fish_vpnd_using_subcommand host; and __fish_seen_subcommand_from show" -l root -d 'Override the vpn-deploy repo root (default: discover from cwd)' -r -F
complete -c vpnd -n "__fish_vpnd_using_subcommand host; and __fish_seen_subcommand_from show" -l explain -d 'Print the underlying shell invocations and exit without running them'
complete -c vpnd -n "__fish_vpnd_using_subcommand host; and __fish_seen_subcommand_from show" -s y -l yes -d 'Skip interactive confirmation prompts'
complete -c vpnd -n "__fish_vpnd_using_subcommand host; and __fish_seen_subcommand_from show" -l json -d 'Emit machine-readable JSON instead of human output (where supported)'
complete -c vpnd -n "__fish_vpnd_using_subcommand host; and __fish_seen_subcommand_from show" -s h -l help -d 'Print help'
complete -c vpnd -n "__fish_vpnd_using_subcommand host; and __fish_seen_subcommand_from add" -l env -r
complete -c vpnd -n "__fish_vpnd_using_subcommand host; and __fish_seen_subcommand_from add" -l provider -r
complete -c vpnd -n "__fish_vpnd_using_subcommand host; and __fish_seen_subcommand_from add" -l ipv4 -r
complete -c vpnd -n "__fish_vpnd_using_subcommand host; and __fish_seen_subcommand_from add" -l ipv6 -r
complete -c vpnd -n "__fish_vpnd_using_subcommand host; and __fish_seen_subcommand_from add" -l root -d 'Override the vpn-deploy repo root (default: discover from cwd)' -r -F
complete -c vpnd -n "__fish_vpnd_using_subcommand host; and __fish_seen_subcommand_from add" -l explain -d 'Print the underlying shell invocations and exit without running them'
complete -c vpnd -n "__fish_vpnd_using_subcommand host; and __fish_seen_subcommand_from add" -s y -l yes -d 'Skip interactive confirmation prompts'
complete -c vpnd -n "__fish_vpnd_using_subcommand host; and __fish_seen_subcommand_from add" -l json -d 'Emit machine-readable JSON instead of human output (where supported)'
complete -c vpnd -n "__fish_vpnd_using_subcommand host; and __fish_seen_subcommand_from add" -s h -l help -d 'Print help'
complete -c vpnd -n "__fish_vpnd_using_subcommand host; and __fish_seen_subcommand_from remove" -s e -l env -d 'Target environment' -r
complete -c vpnd -n "__fish_vpnd_using_subcommand host; and __fish_seen_subcommand_from remove" -s p -l provider -d 'Cloud provider Terraform root' -r
complete -c vpnd -n "__fish_vpnd_using_subcommand host; and __fish_seen_subcommand_from remove" -l root -d 'Override the vpn-deploy repo root (default: discover from cwd)' -r -F
complete -c vpnd -n "__fish_vpnd_using_subcommand host; and __fish_seen_subcommand_from remove" -l explain -d 'Print the underlying shell invocations and exit without running them'
complete -c vpnd -n "__fish_vpnd_using_subcommand host; and __fish_seen_subcommand_from remove" -s y -l yes -d 'Skip interactive confirmation prompts'
complete -c vpnd -n "__fish_vpnd_using_subcommand host; and __fish_seen_subcommand_from remove" -l json -d 'Emit machine-readable JSON instead of human output (where supported)'
complete -c vpnd -n "__fish_vpnd_using_subcommand host; and __fish_seen_subcommand_from remove" -s h -l help -d 'Print help'
complete -c vpnd -n "__fish_vpnd_using_subcommand host; and __fish_seen_subcommand_from help" -f -a "list" -d 'List registered hosts'
complete -c vpnd -n "__fish_vpnd_using_subcommand host; and __fish_seen_subcommand_from help" -f -a "show" -d 'Show one host record'
complete -c vpnd -n "__fish_vpnd_using_subcommand host; and __fish_seen_subcommand_from help" -f -a "add" -d 'Add a host record'
complete -c vpnd -n "__fish_vpnd_using_subcommand host; and __fish_seen_subcommand_from help" -f -a "remove" -d 'Remove a host record'
complete -c vpnd -n "__fish_vpnd_using_subcommand host; and __fish_seen_subcommand_from help" -f -a "help" -d 'Print this message or the help of the given subcommand(s)'
complete -c vpnd -n "__fish_vpnd_using_subcommand ai-docs" -l out -d 'Output directory (default: ./ai-docs/)' -r -F
complete -c vpnd -n "__fish_vpnd_using_subcommand ai-docs" -s e -l env -d 'Target environment' -r
complete -c vpnd -n "__fish_vpnd_using_subcommand ai-docs" -s p -l provider -d 'Cloud provider Terraform root' -r
complete -c vpnd -n "__fish_vpnd_using_subcommand ai-docs" -l root -d 'Override the vpn-deploy repo root (default: discover from cwd)' -r -F
complete -c vpnd -n "__fish_vpnd_using_subcommand ai-docs" -l explain -d 'Print the underlying shell invocations and exit without running them'
complete -c vpnd -n "__fish_vpnd_using_subcommand ai-docs" -s y -l yes -d 'Skip interactive confirmation prompts'
complete -c vpnd -n "__fish_vpnd_using_subcommand ai-docs" -l json -d 'Emit machine-readable JSON instead of human output (where supported)'
complete -c vpnd -n "__fish_vpnd_using_subcommand ai-docs" -s h -l help -d 'Print help'
complete -c vpnd -n "__fish_vpnd_using_subcommand update" -s e -l env -d 'Target environment' -r
complete -c vpnd -n "__fish_vpnd_using_subcommand update" -s p -l provider -d 'Cloud provider Terraform root' -r
complete -c vpnd -n "__fish_vpnd_using_subcommand update" -l root -d 'Override the vpn-deploy repo root (default: discover from cwd)' -r -F
complete -c vpnd -n "__fish_vpnd_using_subcommand update" -l explain -d 'Print the GitHub API URL that would be queried and exit without fetching'
complete -c vpnd -n "__fish_vpnd_using_subcommand update" -s y -l yes -d 'Skip interactive confirmation prompts'
complete -c vpnd -n "__fish_vpnd_using_subcommand update" -l json -d 'Emit machine-readable JSON instead of human output (where supported)'
complete -c vpnd -n "__fish_vpnd_using_subcommand update" -s h -l help -d 'Print help'
complete -c vpnd -n "__fish_vpnd_using_subcommand completions" -s e -l env -d 'Target environment' -r
complete -c vpnd -n "__fish_vpnd_using_subcommand completions" -s p -l provider -d 'Cloud provider Terraform root' -r
complete -c vpnd -n "__fish_vpnd_using_subcommand completions" -l root -d 'Override the vpn-deploy repo root (default: discover from cwd)' -r -F
complete -c vpnd -n "__fish_vpnd_using_subcommand completions" -l explain -d 'Print the underlying shell invocations and exit without running them'
complete -c vpnd -n "__fish_vpnd_using_subcommand completions" -s y -l yes -d 'Skip interactive confirmation prompts'
complete -c vpnd -n "__fish_vpnd_using_subcommand completions" -l json -d 'Emit machine-readable JSON instead of human output (where supported)'
complete -c vpnd -n "__fish_vpnd_using_subcommand completions" -s h -l help -d 'Print help'
complete -c vpnd -n "__fish_vpnd_using_subcommand help; and not __fish_seen_subcommand_from deploy reconverge share doctor probe preflight fleet host ai-docs update completions help" -f -a "deploy" -d 'Interactive deploy wizard'
complete -c vpnd -n "__fish_vpnd_using_subcommand help; and not __fish_seen_subcommand_from deploy reconverge share doctor probe preflight fleet host ai-docs update completions help" -f -a "reconverge" -d 'Idempotent re-deploy against existing host(s)'
complete -c vpnd -n "__fish_vpnd_using_subcommand help; and not __fish_seen_subcommand_from deploy reconverge share doctor probe preflight fleet host ai-docs update completions help" -f -a "share" -d 'Bundled recipient handoff (URL + QR + sing-box + app cards)'
complete -c vpnd -n "__fish_vpnd_using_subcommand help; and not __fish_seen_subcommand_from deploy reconverge share doctor probe preflight fleet host ai-docs update completions help" -f -a "doctor" -d 'Diagnostic bundle'
complete -c vpnd -n "__fish_vpnd_using_subcommand help; and not __fish_seen_subcommand_from deploy reconverge share doctor probe preflight fleet host ai-docs update completions help" -f -a "probe" -d 'Profile-aware probing'
complete -c vpnd -n "__fish_vpnd_using_subcommand help; and not __fish_seen_subcommand_from deploy reconverge share doctor probe preflight fleet host ai-docs update completions help" -f -a "preflight" -d 'Pre-deploy guards (spot-check, certs, perms, render, schema)'
complete -c vpnd -n "__fish_vpnd_using_subcommand help; and not __fish_seen_subcommand_from deploy reconverge share doctor probe preflight fleet host ai-docs update completions help" -f -a "fleet" -d 'Fleet-wide operations'
complete -c vpnd -n "__fish_vpnd_using_subcommand help; and not __fish_seen_subcommand_from deploy reconverge share doctor probe preflight fleet host ai-docs update completions help" -f -a "host" -d 'Local host registry'
complete -c vpnd -n "__fish_vpnd_using_subcommand help; and not __fish_seen_subcommand_from deploy reconverge share doctor probe preflight fleet host ai-docs update completions help" -f -a "ai-docs" -d 'Machine-readable docs endpoints for AI assistants'
complete -c vpnd -n "__fish_vpnd_using_subcommand help; and not __fish_seen_subcommand_from deploy reconverge share doctor probe preflight fleet host ai-docs update completions help" -f -a "update" -d 'Check for a newer vpnd release on GitHub (cached 24 h)'
complete -c vpnd -n "__fish_vpnd_using_subcommand help; and not __fish_seen_subcommand_from deploy reconverge share doctor probe preflight fleet host ai-docs update completions help" -f -a "completions" -d 'Emit shell completions to stdout'
complete -c vpnd -n "__fish_vpnd_using_subcommand help; and not __fish_seen_subcommand_from deploy reconverge share doctor probe preflight fleet host ai-docs update completions help" -f -a "help" -d 'Print this message or the help of the given subcommand(s)'
complete -c vpnd -n "__fish_vpnd_using_subcommand help; and __fish_seen_subcommand_from fleet" -f -a "status" -d 'Summary table across every host:env pair'
complete -c vpnd -n "__fish_vpnd_using_subcommand help; and __fish_seen_subcommand_from fleet" -f -a "rotate" -d 'Coordinated rotation across the fleet (`scripts/fleet-rotate.sh`)'
complete -c vpnd -n "__fish_vpnd_using_subcommand help; and __fish_seen_subcommand_from fleet" -f -a "drift" -d 'Diff fleet state against the last known-good tag'
complete -c vpnd -n "__fish_vpnd_using_subcommand help; and __fish_seen_subcommand_from host" -f -a "list" -d 'List registered hosts'
complete -c vpnd -n "__fish_vpnd_using_subcommand help; and __fish_seen_subcommand_from host" -f -a "show" -d 'Show one host record'
complete -c vpnd -n "__fish_vpnd_using_subcommand help; and __fish_seen_subcommand_from host" -f -a "add" -d 'Add a host record'
complete -c vpnd -n "__fish_vpnd_using_subcommand help; and __fish_seen_subcommand_from host" -f -a "remove" -d 'Remove a host record'
